// Part of external-script.html
Polymer({ is: 'in-the-above-script' });
