<link rel="import" href="components/neon-animation/neon-animated-pages.html">
<link rel="import" href="components/neon-animation/animations/slide-from-right-animation.html">
