<link rel="import" href="../polymer/polymer.html">

<dom-module id="has-external-script">
  <template></template>
  <script src="external-script.js"></script>
</dom-module>

<dom-module id="also-in-that-external-script">
</dom-module>

<script src="an-unaffiliated-script.js"></script>

<dom-module id="has-its-own-script">
  <script>
    Polymer({ is: 'has-its-own-script' });
  </script>
</dom-module>

<dom-module id="in-the-above-script">
</dom-module>


<script src="//google.com/jquery.js"></script>
