Polymer({ is: 'has-external-script' });
Polymer({ is: 'also-in-that-external-script' });
