<!DOCTYPE html><html><head>
  <title>mixins</title>
  <script src="components/webcomponentsjs/webcomponents-lite.js"></script>
  <link rel="import" href="components/polymer/polymer.html">
  <link rel="import" href="components/iron-resizable-behavior/iron-resizable-behavior.html">
</head>
<body>

<dom-module id="resizable-thing">
</dom-module>
<script>
  Polymer({
    is: 'resizable-thing',
    behaviors: [Polymer.IronResizableBehavior]
  });
</script>
<resizable-thing></resizable-thing>



</body></html>
