<link rel="import" href="../polymer/polymer.html">

<dom-module id="elem-1">
</dom-module>


<dom-module id="elem-2">
  <script src="multiple-elements-one-script.js"></script>
</dom-module>
