<link rel="import" href="../polymer/polymer.html">

<dom-module id="this-methods-element">
  <script>
    Polymer({
      is: 'this-methods-element',
      ready: function () {
        this.debounce('doThing', this.doThing, 300);
      },
      doThing: function () {
        var imagePath = this.resolveUrl('image.png');
        console.log(imagePath);
      }
    });
  </script>
</dom-module>
