  <!--
      TODO(polyup): unable to infer path to components
      directory. This import path is probably incomplete.
   -->
  <link rel="import" href="iron-flex-layout/iron-flex-layout.html">
<dom-module id="simple-elem">
  <style>
    /* TODO(polyup): For speed, consider reworking these styles with .classes
                     and #ids rather than [attributes].
    */
    [layout] {
      @apply(--layout);
    }
    [layout][flex] {
      @apply(--layout-flex);
    }
  </style>
  <template>
    <div layout="" flex=""></div>
  </template>
  <script>
    Polymer({ is: 'simple-elem' });
  </script>
</dom-module>
