<dom-module id="foo">
  <style>
    </style>
  <template>
  </template>
</dom-module>
